6041
2 58 83 84 85 88 89 90 92 96 97 98 148 149 150 151 152 153 154
