11543
0 1 8 697 864 1237 1268 1269 1270 1271 1272 1273 1274 1277 1278 1279 1280 1281 1282 1283 1284 1288 1289 1290 1291 1293 1295 1296 1297 1299 1307 1333
