1162
1 8 117 118 155 156 157 162 163 167 168 170 171 172 175 176 177 179 180 181
