1971
0 1 3 5 23 39 62 124 143 145 147 148 150 154 156 158 159 160 162 163 165 166 167 168 171 172 173 174 175 176 177 178 180 181
