867
0 1 3 5 23 212 696 782 784 786 787 788 789 791 792 795 823
