10199
0 1 3 5 23 212 382 1236 1237 1238 1240 1241 1242 1243 1244 1245 1248 1249 1250 1251 1252 1256 1257
