10521
2 13 67 118 217 220 247 291 293 294 300 303 307 311 317 320 324 334 337 341 345 349 352 354 356 359 363 364 367
