6300
0 1 3 5 23 119 211 330 331 332 333 335 336 339 345 360 361 363 364
