1395
111 316 317 324 325 339 347 358 371 372 381 386 403 406 422 425 427 439 441 443 446 465 470 473 487 489 495
