592
4755 4785 4804 4806 4810 4811 4823 4826 4852 4856 4864 4869 4876 4877 4889 4910 4911 4913 4917 4918 4924 4927 4930 4943 4959 4960 4964 4967 4973 4975 4981 4985 4988 4991 4996 4997 4999
