12916
3 127 135 182 234 237 252 262 293 303 332 340 364 388 402 422 481 499 505 577 614 633 650 740 754 804 884 899 931 983 1021 1031 1064 1077 1094 1107 1120 1158 1195 1326 1346 1402 1438 1455 1476 1477 1512 1526 1614 1680 1701 1707 1727 1733 1789 1826 1829 1899 1961 2016 2150 2158 2168 2224 2395 2421 2428 2445 2468 2489 2564 2584 2610 2640 2682 2739 2762 2783 2975 2984 3071 3117 3130 3233 3294 3365 3377 3445 3564 3628 3677 3686 3772 3849 3863 3881 3919 3927 4003 4005 4006 4124 4183 4189 4279 4309 4386 4397 4492 4515 4530 4588 4611 4710 4715 4734 4748 4920 5106 5107 5162 5163 5183 5293 5317 5346 5356 5405 5472 5489 5524 5564 5644 5715 5749 5775 5841 5854 5890 5949 5970 5986 6012 6078 6142 6226 6248 6254 6299 6311 6313 6354 6379 6403 6419 6480 6554 6595 6611 6658 6661 6701 6711 6760 6842 6877 6888 6989 7083 7123 7171 7176 7228 7311 7329 7338 7364 7391 7408 7437 7473 7603 7622 7672 7679 7718 7726 7865 7910 7951 7972 7982
