10304
7424 7821 7822 7836 7840 7847 7859 7863 7874 7876 7893 7898 7906 7910 7940 7952 7953 7956 7960 7962 7966 7972 7975 7977 7981
