3114
1 26 37 53 93 110 175 207 223 270 275 282 308 311 363 366 391 397 485 503 509 513 532 564 613 630 632 688 691 692 731 740 754 791 799 808 835 890 908 909 921 932
