1932
15 30 31 33 40 46 55 62 73 94 97 114 117 123 130 131 142 165 168 169 178 191 202 203 204 210 218 226 238
