1237
8761 9757 9788 9829 9839 9844 9848 9849 9850 9853 9882 9903 9908 9913 9921 9926 9927 9936 9955 9962 9969 9974 9987 9989 9995
