459
2719 2754 2758 2785 2799 2807 2835 2863 2864 2951 2955 2964 2966 2975 2977 2987 2994
