3308
3 9 22 26 68 78 90 139 148 163 170 174 176 182 195 197 198 206 218 242 247 250 252 257 258 261 262 265 301 313 324 335 340 344 361 363 365 366 373 378 389 408 419 443 473 482
