882
578 631 632 640 651 662 683 693 720 726 727 733 735 737
