4161
1 18 30 31 33 34 40 43 48 52 62 65 67 75 88 91 94 98 118 121 126 130 134 148 152 153 156 158 177 179 185 191 198 208 211 217 227 237 248 250 264 266 289 290 297 298 310 333 343 348 350 353 367 376 382 395 425 466 484 493
