2246
0 3 4 5 6 7 13 14 15 20 24 26 27 28 29 32 34 35 36 39 48 50 51 52 55 60 61 64 66 69 71 73 77 81 82 83 85 86 87 90 92 94 97
