4812
14 41 47 66 69 85 89 102 107 123 131 163 182 189 199 229 242 267 279 293 295 301 302 305 308 314 317 321 362 405 423 437 442 451 476 478 485 486 489 496 520 532 537 550 551 568 596 615 628 632 645 654 684 688 692 705 713 716 731 739 762 768 771 774 779 793 806 809 820 827 830 835 850 857 865 893 897 906 909 914 924 926 928 954 984 992
