4883
1 36 38 60 63 82 87 88 126 129 136 165 169 200 222 236 241 245 248 277 284 343 349 391 395 407 449 455 471 501 512 517 524 553 558 576 583 588 591 592 594 601 603 619 626 639 669 681 700 709 710 715 722 742 764 788 795 798 811 817 826 834 850 851 852 859 866 897 919 925 926 941 955 958 979
