3346
6 12 29 32 40 41 42 52 54 57 65 69 70 73 77 82 116 117 119 120 121 124 133 134 138 153 160 162 170 176 177 180 196 198 209 210 212 225 233 235 249 250 254 267 272 280 287 290 297 301 303 325 342 346 350 355 362
