1066
2 7 8 13 15 18 22 23 25 27 34 48 51 53 56 58 60 62 65 72 73 82 91 99
