1010
1 10 17 33 34 35 43 49 58 61 65 79 80 84 92 105 111 121
