10199
0 7 23 26 27 34 37 46 54 57 60 61 68 72 78 82 83 84 91 98 107 111 119 121 131 139 145 147
