1653
14 34 54 102 117 135 141 151 200 242 262 272 276 304 338 343 389 398 418 433 444 453 514 554 571 603 654 727 821
