1395
4 12 13 17 33 35 41 45 55 58 60 74 85 89 102 111 124 130 131 135 141 151 153 162 172 180 181 183
