2411
451 1149 1397 1431 1435 1443 1593 1952 1965 1973 2497 2646 2681 2735 2860 3327 3580 3866 3884 3976 4005 4244 4730 4945 5253 5566 5731 5774 5805 6194 6217 6422 6439 7177 7284 7567 7716 7718 7764 7822 7886 8190 8449 8741 9092 9158 9672
