3027
191 237 476 666 759 1086 1187 1294 1360 1735 2035 2110 2162 2364 2519 2688 3120 3656 3727 3754 3836 3944 4192 4200 4243 4354 4379 4502 4746 4835 5025 5113 5274 5580 5632 5935 6272 6299 6508 6688 7068 7304 7335 7391 8466 8500 8511 8661 8789 8844 8851 8925 9068 9233 9307 9479 9529 9536
