155
126 159 231 265 323 358 449 552 588 613 694 729 736 857 941 956
