415
636 664 674 705 942 1069 1358 1475 1592 1694 1820 1868 1978 2108 2211 2948
