1368
66 98 165 201 216 328 349 371 583 1232 1497 1568 1578 1672 1690 1714 1742 1743 1955 1992 2233 2256 2342 2398 2710
