1915
136 156 516 685 1728 2623 2886 3313 3412 3528 3800 3994 4548 4913 5292 5654 6432 6970 7377 7481 7484 7673 8363 8472 8510 9325 9330 9336 9434
