383
32 63 164 209 251 315 408 715 875 893 985 1347 1418 1430 1497 1505 1590 1645 1792 1896 2122 2255 2363 2467 2471 2482 2521
