1998
118 425 460 1375 1376 1599 1621 1639 1909 1929 1980 2123 2326 2477 2708 2957 3148 3267 3294 3316 3354 3362 3538 3552 3704 3934 3982 4127 4196 4221 4282 4289 4389 4548 4748 4785 4813 4874
