4714
150 183 208 466 800 980 1261 1317 1551 1585 1604 1867 2172 2299 2321 2327 2644
