1972
148 355 548 1654 2126 2558 2944 3021 3238 4041 4674
