2825
0 1 2 5 6 8 10 15 19 21 22 30 33 36 37 42 46 56 57 64 72 73 76 82 88 89 92 94 95 97
