13445
1 2 3 7 10 11 12 13 15 16 17 18 20 26 29 32 33 34 35 36 40 42 46 50 51 53 54 55 56 57 60 62 65 66 67 69 72 75 76 77 80 82 84 85 86 88 89 91 94 96
