8631
40 283 285 537 613 620 663 737 909 1295 1308 1436 1592 2005 2191 2648 2688 2956 3072 3251 3476 3650 3696 3871 3950 4066 4211 4239 4337 4439 4680 4740 4914 4968
