8574
1 7 8 9 10 13 18 25 27 33 34 35 38 41 42 47 48 49 50 51 55 56 57 58 61 64 65 70 77 80 83 89 91 96 98
