1154
12 17 22 25 48 55 81 96 163 174 186 202 209 216 221 232
