1011
11 122 149 177 411 566 807 853 884 1063 1108 1229 1367 1404 1492 1589 2472 2620 2649 2720 2727 2878 2893
