2023
131 207 263 391 546 605 718 837 982 1000 1085 1213 1244 1329 1489 1495 1504 1593 1641 1767 2013 2340 2426 2456 2785 2865 3129 3132 3232 3272 3338 3445 3767 4171 4269 4295 4353 4593 4954
