1450
626 952 964 965 1191 1414 1432 1555 1680 1834 1855 1907 1908 2516 2629 2791 3171 3469 3512 3628 3637 4269 4347 4673
