10908
2 117 297 308 364 395 462 505 649 698 757 836 1164 1313 1338 1403 1732 2035 2100 2451 2457 2476 2764 2921 2928 3098 3224 3584 3825 4161 4261 4270 4425 4456 4765 4876 5270 5394 5765 6070 6361 6624 6664 6875 6910 6933 7119 7174 7231 7244 7623 7797 7832
