805
605 684 827 1015 1904 2105 2461 3317 3637 3878 4466 4767 4836 4866
