21925
3 5 11 12 15 18 23 24 47 50 54 65 80 90 96 101 114 123 131 132 136 137 149 195 207 210 212 223 225 234 254 259 264 293 302 310 318 320 322 334 338 346 350 354 389 404 412 415 419 431 442 451 457 474 478 487 488 497 505 530 532 540 544 546 555 560 577 590 591 607 611 612 617 621 624 625 643 644 648 652 653 658 661 662 663 664 668 677 685 686 689 693 712 721 722 723 757 759 763 765 774 785 787 813 816 831 840 842 877 884 887 888 902 908 927 931 944 946 948 968 999
