6007
0 12 23 27 31 44 50 72 86 90 95 98 104 106 121 136 140 141 151 162 170 171 185 189 192 201 220 230 231 248 304 320 321 354 358 365 370 381 391 394 403 409 423 424 436 440 444 454 480 485
